Disposable frame target process: 79401
Preview window ID: 62521
Inline picker visible: 62521
Inline picker visible: 62521
Inline picker visible: 62521
Inline picker visible: 62521
Integrated inline picker attachment submitted
Inline picker visible: 62521
Inline picker visible: 62521
Integrated inline picker attachment submitted
Startup app menu toggle persisted and cleared the selected app rule
A2 snapshot update changed rendered selection and retained open rename target
Native pointer routing passed: app content targets the external app; tab controls target AppDock
Attached-app rename retained keyboard focus despite queued Raise requests
Integrated switch 1 requested
Integrated switch 2 requested
Integrated switch 3 requested
Integrated switch 4 requested
Integrated switch 5 requested
Integrated switch 6 requested
Integrated switch 7 requested
Integrated switch 8 requested
Integrated switch 9 requested
Integrated switch 10 requested
Integrated switch 11 requested
Integrated switch 12 requested
Native pointer routing passed: app content targets the external app; tab controls target AppDock
Direct app focus brought AppDock forward without taking keyboard focus
Integrated docking and manager resize completed; releasing first tab
Integrated release completed; restoring remaining window on exit
Integrated restoration complete
